[   34303ms] [ERROR] Failed to load resource: the server responded with a status of 406 () @ https://www.iucedu.com/track.php:0
[   75647ms] [ERROR] Failed to load resource: the server responded with a status of 406 () @ https://www.iucedu.com/track.php:0
[   90462ms] [ERROR] Failed to load resource: the server responded with a status of 406 () @ https://www.iucedu.com/track.php:0
[  120834ms] [ERROR] Failed to load resource: the server responded with a status of 406 () @ https://www.iucedu.com/track.php:0
[  131896ms] [ERROR] Failed to load resource: the server responded with a status of 406 () @ https://www.iucedu.com/track.php:0
[  132704ms] [ERROR] Failed to load resource: the server responded with a status of 406 () @ https://www.iucedu.com/track.php:0
[  133450ms] [ERROR] Failed to load resource: the server responded with a status of 406 () @ https://www.iucedu.com/track.php:0
[  134136ms] [ERROR] Failed to load resource: the server responded with a status of 406 () @ https://www.iucedu.com/track.php:0
[  134525ms] [ERROR] Failed to load resource: the server responded with a status of 406 () @ https://www.iucedu.com/track.php:0
[  153842ms] [ERROR] Failed to load resource: the server responded with a status of 406 () @ https://www.iucedu.com/track.php:0
[  165702ms] [ERROR] Failed to load resource: the server responded with a status of 406 () @ https://www.iucedu.com/track.php:0
[  184239ms] [ERROR] Failed to load resource: the server responded with a status of 406 () @ https://www.iucedu.com/track.php:0
[  207817ms] [ERROR] Failed to load resource: the server responded with a status of 406 () @ https://www.iucedu.com/track.php:0
[  237053ms] [ERROR] Failed to load resource: the server responded with a status of 406 () @ https://www.iucedu.com/track.php:0
[  267862ms] [ERROR] Failed to load resource: the server responded with a status of 406 () @ https://www.iucedu.com/track.php:0
[  307675ms] [ERROR] Failed to load resource: the server responded with a status of 406 () @ https://www.iucedu.com/track.php:0
[  334356ms] [ERROR] Failed to load resource: the server responded with a status of 406 () @ https://www.iucedu.com/track.php:0
[  363104ms] [ERROR] Failed to load resource: the server responded with a status of 406 () @ https://www.iucedu.com/track.php:0
[  388979ms] [ERROR] Failed to load resource: the server responded with a status of 406 () @ https://www.iucedu.com/track.php:0
[  418200ms] [ERROR] Failed to load resource: the server responded with a status of 406 () @ https://www.iucedu.com/track.php:0
[  452460ms] [ERROR] Failed to load resource: the server responded with a status of 406 () @ https://www.iucedu.com/track.php:0
[  482944ms] [ERROR] Failed to load resource: the server responded with a status of 406 () @ https://www.iucedu.com/track.php:0
[  525288ms] [ERROR] Failed to load resource: the server responded with a status of 406 () @ https://www.iucedu.com/track.php:0
[  545661ms] [ERROR] Failed to load resource: the server responded with a status of 406 () @ https://www.iucedu.com/track.php:0
[  575702ms] [ERROR] Failed to load resource: the server responded with a status of 406 () @ https://www.iucedu.com/track.php:0
[  601569ms] [ERROR] Failed to load resource: the server responded with a status of 406 () @ https://www.iucedu.com/track.php:0
[  631049ms] [ERROR] Failed to load resource: the server responded with a status of 406 () @ https://www.iucedu.com/track.php:0
[  700459ms] [ERROR] Failed to load resource: the server responded with a status of 406 () @ https://www.iucedu.com/track.php:0
[  756423ms] [ERROR] Failed to load resource: the server responded with a status of 406 () @ https://www.iucedu.com/track.php:0
[  757467ms] [ERROR] Failed to load resource: the server responded with a status of 406 () @ https://www.iucedu.com/track.php:0
[  780784ms] [ERROR] Failed to load resource: the server responded with a status of 406 () @ https://www.iucedu.com/track.php:0
[  819761ms] [ERROR] Failed to load resource: the server responded with a status of 406 () @ https://www.iucedu.com/track.php:0
[  842380ms] [ERROR] Failed to load resource: the server responded with a status of 406 () @ https://www.iucedu.com/track.php:0
[  874740ms] [ERROR] Failed to load resource: the server responded with a status of 406 () @ https://www.iucedu.com/track.php:0
[  902429ms] [ERROR] Failed to load resource: the server responded with a status of 406 () @ https://www.iucedu.com/track.php:0
[  935905ms] [ERROR] Failed to load resource: the server responded with a status of 406 () @ https://www.iucedu.com/track.php:0
[  965373ms] [ERROR] Failed to load resource: the server responded with a status of 406 () @ https://www.iucedu.com/track.php:0
[  992476ms] [ERROR] Failed to load resource: the server responded with a status of 406 () @ https://www.iucedu.com/track.php:0
[ 1040023ms] [ERROR] Failed to load resource: the server responded with a status of 406 () @ https://www.iucedu.com/track.php:0
[ 1063537ms] [ERROR] Failed to load resource: the server responded with a status of 406 () @ https://www.iucedu.com/track.php:0
[ 1087857ms] [ERROR] Failed to load resource: the server responded with a status of 406 () @ https://www.iucedu.com/track.php:0
[ 1113349ms] [ERROR] Failed to load resource: the server responded with a status of 406 () @ https://www.iucedu.com/track.php:0
[ 1152661ms] [ERROR] Failed to load resource: the server responded with a status of 406 () @ https://www.iucedu.com/track.php:0
[ 1167146ms] [ERROR] Failed to load resource: the server responded with a status of 406 () @ https://www.iucedu.com/track.php:0
[ 1200355ms] [ERROR] Failed to load resource: the server responded with a status of 406 () @ https://www.iucedu.com/track.php:0
[ 1233755ms] [ERROR] Failed to load resource: the server responded with a status of 406 () @ https://www.iucedu.com/track.php:0
[ 1258480ms] [ERROR] Failed to load resource: the server responded with a status of 406 () @ https://www.iucedu.com/track.php:0
[ 1287006ms] [ERROR] Failed to load resource: the server responded with a status of 406 () @ https://www.iucedu.com/track.php:0
[ 1322053ms] [ERROR] Failed to load resource: the server responded with a status of 406 () @ https://www.iucedu.com/track.php:0
[ 1360466ms] [ERROR] Failed to load resource: the server responded with a status of 406 () @ https://www.iucedu.com/track.php:0
[ 1386432ms] [ERROR] Failed to load resource: the server responded with a status of 406 () @ https://www.iucedu.com/track.php:0
[ 1438351ms] [ERROR] Failed to load resource: the server responded with a status of 406 () @ https://www.iucedu.com/track.php:0
[ 1438353ms] [ERROR] Failed to load resource: net::ERR_HTTP2_PROTOCOL_ERROR @ https://www.iucedu.com/track.php:0
[ 1474752ms] [ERROR] Failed to load resource: the server responded with a status of 406 () @ https://www.iucedu.com/track.php:0
[ 1504193ms] [ERROR] Failed to load resource: the server responded with a status of 406 () @ https://www.iucedu.com/track.php:0
[ 1531219ms] [ERROR] Failed to load resource: the server responded with a status of 406 () @ https://www.iucedu.com/track.php:0
[ 1570135ms] [ERROR] Failed to load resource: the server responded with a status of 406 () @ https://www.iucedu.com/track.php:0
[ 1590736ms] [ERROR] Failed to load resource: the server responded with a status of 406 () @ https://www.iucedu.com/track.php:0
[ 1628272ms] [ERROR] Failed to load resource: the server responded with a status of 406 () @ https://www.iucedu.com/track.php:0
[ 1651703ms] [ERROR] Failed to load resource: the server responded with a status of 406 () @ https://www.iucedu.com/track.php:0
[ 6069140ms] [ERROR] Failed to load resource: net::ERR_CONNECTION_CLOSED @ https://www.iucedu.com/track.php:0
